// Jest Snapshot v1, https://goo.gl/fbAQLP

exports[`Pruebas en < GifItem /> debe de hacer macch con el snapshot 1`] = `
<div>
  <div
    class="card"
  >
    <img
      alt="Saitana"
      src="http://www.google.com"
    />
    <p>
      Saitana
    </p>
  </div>
</div>
`;
